// Jest Snapshot v1, https://goo.gl/fbAQLP

exports[`<BottomNavBar /> spec Should match snapshot 1`] = `
.emotion-0 {
  display: grid;
  grid-template-columns: auto 1fr;
  padding: 1rem 4rem;
  background: var(--darkLiver);
  color: var(--snow);
  box-shadow: 0 0 10px 0 rgb(0 0 0 / 30%);
}

@media only screen and (max-width: 480px) {
  .emotion-0 {
    grid-template-columns: 1fr;
    grid-template-rows: auto auto;
    padding: 0;
  }
}

@media only screen and (max-width: 480px) {
  .emotion-1 {
    justify-self: center;
    margin: 0;
  }
}

.emotion-2 {
  display: -webkit-box;
  display: -webkit-flex;
  display: -ms-flexbox;
  display: flex;
  -webkit-box-pack: end;
  -ms-flex-pack: end;
  -webkit-justify-content: flex-end;
  justify-content: flex-end;
}

.emotion-2 ul {
  display: inherit;
  margin: 0;
}

.emotion-2 li {
  list-style: none;
}

.emotion-2 li:not(:last-child) {
  padding-right: 1.5rem;
}

.emotion-2 li a {
  -webkit-text-decoration: none;
  text-decoration: none;
  color: inherit;
}

.emotion-2 li a:hover {
  border-bottom: 1px solid var(--snow);
}

@media only screen and (max-width: 480px) {
  .emotion-2 {
    justify-self: center;
    margin: 0.8rem;
  }

  .emotion-2 ul {
    padding-left: 0;
  }
}

.emotion-3 {
  padding-top: 0.2rem;
}

.emotion-3 a:hover {
  border-bottom: none!important;
}

<div
  class="emotion-0"
>
  <div
    class="emotion-1"
  />
  <div
    class="emotion-2"
  >
    <ul>
      <li>
        <a
          href="/men"
        >
          common:men
        </a>
      </li>
      <li>
        <a
          href="/women"
        >
          common:women
        </a>
      </li>
      <li>
        <a
          href="/accessories"
        >
          common:accessories
        </a>
      </li>
      <li>
        <a
          href="/promotions"
        >
          common:promotions
        </a>
      </li>
      <li>
        <div
          class="emotion-3"
          data-testid="languageselector"
        />
      </li>
    </ul>
  </div>
</div>
`;
