// Jest Snapshot v1, https://goo.gl/fbAQLP

exports[`<Copyright /> spec Should match spashot 1`] = `
.emotion-0 {
  display: -webkit-box;
  display: -webkit-flex;
  display: -ms-flexbox;
  display: flex;
  -webkit-box-pack: center;
  -ms-flex-pack: center;
  -webkit-justify-content: center;
  justify-content: center;
  padding: 2rem;
}

<div>
  <div
    class="emotion-0"
    data-testid="copyright"
  >
    <div>
      common:copyright
    </div>
  </div>
</div>
`;
